=============================================================
START SCRIPT: Manage_storage.sh
=============================================================
Date : 2026-08-22 12:35:35
=============================================================
2026-08-22 12:35:35 [INFO] - The VMID  114  passed in argument
2026-08-22 12:35:36 [INFO] - the VM 114 is running and now stopped
=============================================================
    END SCRIPT
Date : 2026-08-22 12:35:36
=============================================================
=============================================================
START SCRIPT: Manage_storage.sh
=============================================================
Date : 2026-08-22 12:35:52
=============================================================
2026-08-22 12:35:52 [INFO] - The VMID  114  passed in argument
2026-08-22 12:35:53 [INFO] - the VM 114 is stopped, move storage in progress
2026-08-22 12:36:16 [INFO] - Migration vmid 114 local-lvm to SSD1To completed
=============================================================
    END SCRIPT
Date : 2026-08-22 12:36:16
=============================================================

